<html>
<body>
<pre>
<h1>µVision Build Log</h1>
<h2>Tool Versions:</h2>
IDE-Version: ¦ÌVision V5.14.0.0
Copyright (C) 2015 ARM Ltd and ARM Germany GmbH. All rights reserved.
License Information: cc Administrator, cc_ants, LIC=IK1EV-PALH1-Y8VFK-ZW2G3-BVKYV-A2117
 
Tool Versions:
Toolchain:       MDK-ARM Standard  Version: 5.14.0.0
Toolchain Path:  C:\Keil_v5\ARM\ARMCC\Bin
C Compiler:      Armcc.exe V5.05 update 1 (build 106)
Assembler:       Armasm.exe V5.05 update 1 (build 106)
Linker/Locator:  ArmLink.exe V5.05 update 1 (build 106)
Library Manager: ArmAr.exe V5.05 update 1 (build 106)
Hex Converter:   FromElf.exe V5.05 update 1 (build 106)
CPU DLL:         SARMCM3.DLL V5.14.0.0
Dialog DLL:      DCM.DLL V1.13.1.0
Target DLL:      STLink\ST-LINKIII-KEIL_SWO.dll V2.0.14.0_KEIL
Dialog DLL:      TCM.DLL V1.14.4.0
 
<h2>Project:</h2>
D:\STM32L_Nucleo\Wheel_LED_Disp\WS2812_SPI\MDK-ARM\WS2812_SPI.uvprojx
Project File Date:  06/06/2018

<h2>Output:</h2>
Build target 'WS2812_SPI'
compiling stm32l4xx_hal_msp.c...
linking...
WS2812_SPI\WS2812_SPI.axf: Warning: L6988W: Ignoring unknown patch sdcomp-29491-629360.
Program Size: Code=6916 RO-data=524 RW-data=24 ZI-data=1288  
Finished: 0 information, 1 warning and 0 error messages.
"WS2812_SPI\WS2812_SPI.axf" - 0 Error(s), 1 Warning(s).

<h2>Software Packages used:</h2>

Package Vendor: ARM
                http://www.keil.com/pack/ARM.CMSIS.5.3.0.pack
                ARM::CMSIS:CORE:5.1.1
                CMSIS (Cortex Microcontroller Software Interface Standard)
   * Component: CORE Version: 5.1.1

<h2>Collection of Component include folders:</h2>
  D:\STM32L_Nucleo\Wheel_LED_Disp\WS2812_SPI\MDK-ARM\RTE
  C:\Keil_v5\ARM\PACK\ARM\CMSIS\5.3.0\CMSIS\Include
  C:\Keil_v5\ARM\PACK\Keil\STM32L4xx_DFP\2.0.0

<h2>Collection of Component Files used:</h2>

   * Component: ARM::CMSIS:CORE:5.1.1
</pre>
</body>
</html>
